QA output created by 127
All 100000 operations completed A-OK!
All 100000 operations completed A-OK!
All 100000 operations completed A-OK!
All 100000 operations completed A-OK!
All 100000 operations completed A-OK!
All 100000 operations completed A-OK!
