QA output created by 232

Testing fsstress

Comparing user usage
Comparing group usage
