QA output created by 369

Verifying ciphertext with parameters:
	contents_encryption_mode: AES-256-XTS
	filenames_encryption_mode: AES-256-CTS-CBC
	options: v2 iv_ino_lblk_32 hw_wrapped_key
