QA output created by 370

Test without sync after creating and removing clones
Creating swap file...
Cloning swap file...
Deleting original file and all clones except the last...
Activating swap file...

Test with sync after creating clones
Creating swap file...
Cloning swap file...
Deleting original file and all clones except the last...
Activating swap file...

Test with sync after removing clones
Creating swap file...
Cloning swap file...
Deleting original file and all clones except the last...
Activating swap file...

Test with sync after creating and removing clones
Creating swap file...
Cloning swap file...
Deleting original file and all clones except the last...
Activating swap file...
