QA output created by 735

# Adding encryption key
Added encryption key with identifier 69b2f6edeee720cce0577937eb8a6751

# Creating encrypted files and directories

# Getting encryption nonces from inodes

# Verifying uniqueness of nonces
Listing non-unique nonces:

# Verifying randomness of nonces
Nonces are incompressible, as expected
