QA output created by 736

Added encryption key with identifier 69b2f6edeee720cce0577937eb8a6751
