QA output created by 758
==== Pre-Remount ===
==== Post-Remount ==
