QA output created by 759
fsx -N 10000 -l 500000 -h
fsx -N 10000 -o 8192 -l 500000 -h
fsx -N 10000 -o 128000 -l 500000 -h
