QA output created by 766
setting log device read-only
mounting with read-only log device:
mount: device write-protected, mounting read-only
touching file on read-only filesystem (should fail)
touch: cannot touch 'SCRATCH_MNT/foo': Read-only file system
unmounting read-only filesystem
setting log device read-write
mounting with read-write log device:
touch files
going down:
unmounting shutdown filesystem:
setting log device read-only
mounting filesystem that needs recovery with a read-only log device:
mount: device write-protected, mounting read-only
mount: cannot mount device read-only
unmounting read-only filesystem
umount: SCRATCH_DEV: not mounted
mounting filesystem with -o norecovery with a read-only log device:
mount: SCRATCH_MNT: wrong fs type, bad option, bad superblock on SCRATCH_DEV, missing codepage or helper program, or other error
unmounting read-only filesystem
umount: SCRATCH_DEV: not mounted
setting fs device read-only
mounting filesystem with -o norecovery with a read-only fs and log device:
mount: device write-protected, mounting read-only
unmounting read-only filesystem
setting fs device read-write
mounting filesystem with -o norecovery,ro with a read-only log device:
unmounting read-only filesystem
setting log device read-write
mounting filesystem that needs recovery with -o ro:
*** done
