QA output created by 777
test_file_handles after cycle mount
test_file_handles after rename parent
test_file_handles after rename grandparent
