QA output created by 633
Format and populate
Recover filesystem
Check file contents
Check selected files contents
Check single dir extraction contents
