QA output created by 634
32+0 records in
32+0 records out
32+0 records in
32+0 records out
Check that df output matches after remount
