QA output created by 635
Make rt filesystem on SCRATCH_DEV and mount... done
Fill filesystem... done
Grow filesystem... done
Flush filesystem... done
Check files... done
Fill filesystem... done
Grow filesystem... done
Flush filesystem... done
Check files... done
Growfs tests passed.
