QA output created by 636
16+0 records in
16+0 records out
Check extent counts
number of extents: 1
