QA output created by 637
Creating file system
Trying to grow file system (should fail)
