QA output created by 638
Testing buffered I/O:
Testing synchronous buffered I/O:
Testing direct I/O:
