QA output created by 640
number of file 1 extents: 1
number of file 2 extents: 1
