QA output created by 641
number of file 1 extents: 1
number of file 2 extents: 1
