QA output created by 642
file space usage is in range
