QA output created by 643
file 2 extents is in range
file 4 extents is in range
file 6 extents is in range
file 8 extents is in range
