QA output created by 645
64+0 records in
64+0 records out
Repairing
Removing file after repair
