QA output created by 807
Format and populate
Fuzz metadir root
Done fuzzing metadir root
