QA output created by 810
Format and populate
Fuzz metadir root
Done fuzzing metadir root
