QA output created by 811
Format and populate
Fuzz metadir subdir
Done fuzzing metadir subdir
