QA output created by 812
Format and populate
Fuzz metadir subdir
Done fuzzing metadir subdir
