QA output created by 813
Format and populate
Fuzz metadir subdir
Done fuzzing metadir subdir
