QA output created by 814
Format and populate
Fuzz metadir subdir
Done fuzzing metadir subdir
