QA output created by 818
Format and populate
Clone image with protofile
Check file contents
