QA output created by 825
Format and populate
Fuzz rtrmapbt recs
Done fuzzing rtrmapbt recs
