QA output created by 826
Format and populate
Fuzz rtrmapbt keyptrs
Done fuzzing rtrmapbt keyptrs
