QA output created by 827
Format and populate
Fuzz rtrefcountbt recs
Done fuzzing rtrefcountbt recs
