QA output created by 828
Format and populate
Fuzz rtrefcountbt recs
Done fuzzing rtrefcountbt recs
