QA output created by 829
Format and populate
Fuzz rtrefcountbt recs
Done fuzzing rtrefcountbt recs
