QA output created by 830
Format and populate
Fuzz rtrefcountbt recs
Done fuzzing rtrefcountbt recs
