QA output created by 831
Format and populate
Fuzz rtrefcountbt keyptrs
Done fuzzing rtrefcountbt keyptrs
