QA output created by 833
Format and populate
Fuzz rtrefcountbt keyptrs
Done fuzzing rtrefcountbt keyptrs
