QA output created by 834
Format and populate
Fuzz rtrefcountbt keyptrs
Done fuzzing rtrefcountbt keyptrs
