QA output created by 837
setting device read-only
mounting read-only rt block device:
mount: device write-protected, mounting read-only
writing to file on read-only filesystem:
dd: failed to open 'SCRATCH_MNT/foo': Read-only file system
remounting read-write:
mount: cannot remount device read-write, is write-protected
unmounting read-only filesystem
*** done
