QA output created by 020
ERROR: ioctl(DEV_REPLACE_START) failed on "SCRATCH_MNT": Read-only file system
