QA output created by 253
Capture default chunk sizes.
First allocation.
Second allocation.
Calculate request size so last memory allocation cannot be completely fullfilled.
Third allocation.
Force allocation of system block type must fail.
No space left on device
Verify first allocation.
Verify second allocation.
Verify third allocation.
