QA output created by 329
Invalid argument
Invalid argument
Invalid argument
Invalid argument
Invalid argument
Invalid argument
Invalid argument
Invalid argument
Invalid argument
Invalid argument
Invalid argument
Invalid argument
Invalid argument
Invalid argument
Invalid argument
Invalid argument
Invalid argument
Invalid argument
