QA output created by 334
Invalid argument
Invalid argument
Invalid argument
Invalid argument
Invalid argument
Invalid argument
Invalid argument
Invalid argument
Invalid argument
Invalid argument
Invalid argument
Invalid argument
Invalid argument
