QA output created by 335
wrote 134217728/134217728 bytes at offset 0
XXX Bytes, X ops; XX:XX:XX.X (XXX YYY/sec and XXX ops/sec)
ERROR: error during balancing 'SCRATCH_MNT': Input/output error
There may be more info in syslog - try dmesg | tail
System, DUP
Metadata, DUP
