QA output created by 011
fallocate: No space left on device
